============================= test session starts =============================
platform win32 -- Python 3.12.3, pytest-9.0.2, pluggy-1.6.0 -- C:\ProgramData\anaconda3\python.exe
cachedir: .pytest_cache
rootdir: G:\Github repo cloned\RetinaFace-Detection
plugins: anyio-4.12.0, langsmith-0.6.1, cov-7.0.0
python : Windows fatal exception: code 0xc0000139
At line:1 char:1
+ python -m pytest tests/test_detector.py -v > 
pytest_output.txt 2>&1
+ ~~~~~~~~~~~~~~~~~~~~~~~~~~~~~~~~~~~~~~~~~~~~~~~~~~
~~~~~~~~~~~~~~~~~
    + CategoryInfo          : NotSpecified: (Window 
   s fatal exception: code 0xc0000139:String) [],   
  RemoteException
    + FullyQualifiedErrorId : NativeCommandError
 

Thread 0x0000d60c (most recent call first):
  File "<frozen importlib._bootstrap>", line 488 in 
_call_with_frames_removed
  File "<frozen importlib._bootstrap_external>", 
line 1289 in create_module
  File "<frozen importlib._bootstrap>", line 813 in 
module_from_spec
  File "<frozen importlib._bootstrap>", line 921 in 
_load_unlocked
  File "<frozen importlib._bootstrap>", line 1331 
in _find_and_load_unlocked
  File "<frozen importlib._bootstrap>", line 1360 
in _find_and_load
  File "<frozen importlib._bootstrap>", line 488 in 
_call_with_frames_removed
  File "<frozen importlib._bootstrap_external>", 
line 1297 in exec_module
  File "<frozen importlib._bootstrap>", line 935 in 
_load_unlocked
  File "<frozen importlib._bootstrap>", line 1331 
in _find_and_load_unlocked
  File "<frozen importlib._bootstrap>", line 1360 
in _find_and_load
  File "<frozen importlib._bootstrap>", line 488 in 
_call_with_frames_removed
  File "<frozen importlib._bootstrap>", line 1415 
in _handle_fromlist
  File "C:\ProgramData\anaconda3\Lib\site-packages\h
5py\version.py", line 15 in <module>
  File "<frozen importlib._bootstrap>", line 488 in 
_call_with_frames_removed
  File "<frozen importlib._bootstrap_external>", 
line 995 in exec_module
  File "<frozen importlib._bootstrap>", line 935 in 
_load_unlocked
  File "<frozen importlib._bootstrap>", line 1331 
in _find_and_load_unlocked
  File "<frozen importlib._bootstrap>", line 1360 
in _find_and_load
  File "<frozen importlib._bootstrap>", line 488 in 
_call_with_frames_removed
  File "<frozen importlib._bootstrap>", line 1415 
in _handle_fromlist
  File "C:\ProgramData\anaconda3\Lib\site-packages\h
5py\__init__.py", line 33 in <module>
  File "<frozen importlib._bootstrap>", line 488 in 
_call_with_frames_removed
  File "<frozen importlib._bootstrap_external>", 
line 995 in exec_module
  File "<frozen importlib._bootstrap>", line 935 in 
_load_unlocked
  File "<frozen importlib._bootstrap>", line 1331 
in _find_and_load_unlocked
  File "<frozen importlib._bootstrap>", line 1360 
in _find_and_load
  File "C:\ProgramData\anaconda3\Lib\site-packages\t
ensorflow\python\keras\saving\hdf5_format.py", line 
37 in <module>
  File "<frozen importlib._bootstrap>", line 488 in 
_call_with_frames_removed
  File "<frozen importlib._bootstrap_external>", 
line 995 in exec_module
  File "<frozen importlib._bootstrap>", line 935 in 
_load_unlocked
  File "<frozen importlib._bootstrap>", line 1331 
in _find_and_load_unlocked
  File "<frozen importlib._bootstrap>", line 1360 
in _find_and_load
  File "<frozen importlib._bootstrap>", line 488 in 
_call_with_frames_removed
  File "<frozen importlib._bootstrap>", line 1415 
in _handle_fromlist
  File "C:\ProgramData\anaconda3\Lib\site-packages\t
ensorflow\python\keras\engine\training.py", line 54 
in <module>
  File "<frozen importlib._bootstrap>", line 488 in 
_call_with_frames_removed
  File "<frozen importlib._bootstrap_external>", 
line 995 in exec_module
  File "<frozen importlib._bootstrap>", line 935 in 
_load_unlocked
  File "<frozen importlib._bootstrap>", line 1331 
in _find_and_load_unlocked
  File "<frozen importlib._bootstrap>", line 1360 
in _find_and_load
  File "<frozen importlib._bootstrap>", line 488 in 
_call_with_frames_removed
  File "<frozen importlib._bootstrap>", line 1415 
in _handle_fromlist
  File "C:\ProgramData\anaconda3\Lib\site-packages\t
ensorflow\python\keras\engine\functional.py", line 
33 in <module>
  File "<frozen importlib._bootstrap>", line 488 in 
_call_with_frames_removed
  File "<frozen importlib._bootstrap_external>", 
line 995 in exec_module
  File "<frozen importlib._bootstrap>", line 935 in 
_load_unlocked
  File "<frozen importlib._bootstrap>", line 1331 
in _find_and_load_unlocked
  File "<frozen importlib._bootstrap>", line 1360 
in _find_and_load
  File "<frozen importlib._bootstrap>", line 488 in 
_call_with_frames_removed
  File "<frozen importlib._bootstrap>", line 1415 
in _handle_fromlist
  File "C:\ProgramData\anaconda3\Lib\site-packages\t
ensorflow\python\keras\models.py", line 22 in 
<module>
  File "<frozen importlib._bootstrap>", line 488 in 
_call_with_frames_removed
  File "<frozen importlib._bootstrap_external>", 
line 995 in exec_module
  File "<frozen importlib._bootstrap>", line 935 in 
_load_unlocked
  File "<frozen importlib._bootstrap>", line 1331 
in _find_and_load_unlocked
  File "<frozen importlib._bootstrap>", line 1360 
in _find_and_load
  File "<frozen importlib._bootstrap>", line 488 in 
_call_with_frames_removed
  File "<frozen importlib._bootstrap>", line 1415 
in _handle_fromlist
  File "C:\ProgramData\anaconda3\Lib\site-packages\t
ensorflow\python\keras\__init__.py", line 25 in 
<module>
  File "<frozen importlib._bootstrap>", line 488 in 
_call_with_frames_removed
  File "<frozen importlib._bootstrap_external>", 
line 995 in exec_module
  File "<frozen importlib._bootstrap>", line 935 in 
_load_unlocked
  File "<frozen importlib._bootstrap>", line 1331 
in _find_and_load_unlocked
  File "<frozen importlib._bootstrap>", line 1360 
in _find_and_load
  File "<frozen importlib._bootstrap>", line 488 in 
_call_with_frames_removed
  File "<frozen importlib._bootstrap>", line 1310 
in _find_and_load_unlocked
  File "<frozen importlib._bootstrap>", line 1360 
in _find_and_load
  File "C:\ProgramData\anaconda3\Lib\site-packages\t
ensorflow\python\layers\base.py", line 16 in 
<module>
  File "<frozen importlib._bootstrap>", line 488 in 
_call_with_frames_removed
  File "<frozen importlib._bootstrap_external>", 
line 995 in exec_module
  File "<frozen importlib._bootstrap>", line 935 in 
_load_unlocked
  File "<frozen importlib._bootstrap>", line 1331 
in _find_and_load_unlocked
  File "<frozen importlib._bootstrap>", line 1360 
in _find_and_load
  File "<frozen importlib._bootstrap>", line 488 in 
_call_with_frames_removed
  File "<frozen importlib._bootstrap>", line 1415 
in _handle_fromlist
  File "C:\ProgramData\anaconda3\Lib\site-packages\t
ensorflow\python\feature_column\feature_column.py", 
line 41 in <module>
  File "<frozen importlib._bootstrap>", line 488 in 
_call_with_frames_removed
  File "<frozen importlib._bootstrap_external>", 
line 995 in exec_module
  File "<frozen importlib._bootstrap>", line 935 in 
_load_unlocked
  File "<frozen importlib._bootstrap>", line 1331 
in _find_and_load_unlocked
  File "<frozen importlib._bootstrap>", line 1360 
in _find_and_load
  File "<frozen importlib._bootstrap>", line 488 in 
_call_with_frames_removed
  File "<frozen importlib._bootstrap>", line 1415 
in _handle_fromlist
  File "C:\ProgramData\anaconda3\Lib\site-packages\t
ensorflow\python\feature_column\feature_column_v2.py
", line 38 in <module>
  File "<frozen importlib._bootstrap>", line 488 in 
_call_with_frames_removed
  File "<frozen importlib._bootstrap_external>", 
line 995 in exec_module
  File "<frozen importlib._bootstrap>", line 935 in 
_load_unlocked
  File "<frozen importlib._bootstrap>", line 1331 
in _find_and_load_unlocked
  File "<frozen importlib._bootstrap>", line 1360 
in _find_and_load
  File "C:\ProgramData\anaconda3\Lib\site-packages\t
ensorflow\_api\v2\__internal__\feature_column\__init
__.py", line 8 in <module>
  File "<frozen importlib._bootstrap>", line 488 in 
_call_with_frames_removed
  File "<frozen importlib._bootstrap_external>", 
line 995 in exec_module
  File "<frozen importlib._bootstrap>", line 935 in 
_load_unlocked
  File "<frozen importlib._bootstrap>", line 1331 
in _find_and_load_unlocked
  File "<frozen importlib._bootstrap>", line 1360 
in _find_and_load
  File "<frozen importlib._bootstrap>", line 488 in 
_call_with_frames_removed
  File "<frozen importlib._bootstrap>", line 1415 
in _handle_fromlist
  File "C:\ProgramData\anaconda3\Lib\site-packages\t
ensorflow\_api\v2\__internal__\__init__.py", line 
13 in <module>
  File "<frozen importlib._bootstrap>", line 488 in 
_call_with_frames_removed
  ...
Windows fatal exception: code 0xc0000139

Thread 0x0000d60c (most recent call first):
  File "<frozen importlib._bootstrap>", line 488 in 
_call_with_frames_removed
  File "<frozen importlib._bootstrap_external>", 
line 1289 in create_module
  File "<frozen importlib._bootstrap>", line 813 in 
module_from_spec
  File "<frozen importlib._bootstrap>", line 921 in 
_load_unlocked
  File "<frozen importlib._bootstrap>", line 1331 
in _find_and_load_unlocked
  File "<frozen importlib._bootstrap>", line 1360 
in _find_and_load
  File "<frozen importlib._bootstrap>", line 488 in 
_call_with_frames_removed
  File "<frozen importlib._bootstrap_external>", 
line 1297 in exec_module
  File "<frozen importlib._bootstrap>", line 935 in 
_load_unlocked
  File "<frozen importlib._bootstrap>", line 1331 
in _find_and_load_unlocked
  File "<frozen importlib._bootstrap>", line 1360 
in _find_and_load
  File "<frozen importlib._bootstrap>", line 488 in 
_call_with_frames_removed
  File "<frozen importlib._bootstrap>", line 1415 
in _handle_fromlist
  File "C:\ProgramData\anaconda3\Lib\site-packages\h
5py\version.py", line 15 in <module>
  File "<frozen importlib._bootstrap>", line 488 in 
_call_with_frames_removed
  File "<frozen importlib._bootstrap_external>", 
line 995 in exec_module
  File "<frozen importlib._bootstrap>", line 935 in 
_load_unlocked
  File "<frozen importlib._bootstrap>", line 1331 
in _find_and_load_unlocked
  File "<frozen importlib._bootstrap>", line 1360 
in _find_and_load
  File "<frozen importlib._bootstrap>", line 488 in 
_call_with_frames_removed
  File "<frozen importlib._bootstrap>", line 1415 
in _handle_fromlist
  File "C:\ProgramData\anaconda3\Lib\site-packages\h
5py\__init__.py", line 33 in <module>
  File "<frozen importlib._bootstrap>", line 488 in 
_call_with_frames_removed
  File "<frozen importlib._bootstrap_external>", 
line 995 in exec_module
  File "<frozen importlib._bootstrap>", line 935 in 
_load_unlocked
  File "<frozen importlib._bootstrap>", line 1331 
in _find_and_load_unlocked
  File "<frozen importlib._bootstrap>", line 1360 
in _find_and_load
  File "C:\ProgramData\anaconda3\Lib\site-packages\t
ensorflow\python\keras\saving\save.py", line 28 in 
<module>
  File "<frozen importlib._bootstrap>", line 488 in 
_call_with_frames_removed
  File "<frozen importlib._bootstrap_external>", 
line 995 in exec_module
  File "<frozen importlib._bootstrap>", line 935 in 
_load_unlocked
  File "<frozen importlib._bootstrap>", line 1331 
in _find_and_load_unlocked
  File "<frozen importlib._bootstrap>", line 1360 
in _find_and_load
  File "<frozen importlib._bootstrap>", line 488 in 
_call_with_frames_removed
  File "<frozen importlib._bootstrap>", line 1415 
in _handle_fromlist
  File "C:\ProgramData\anaconda3\Lib\site-packages\t
ensorflow\python\keras\engine\training.py", line 55 
in <module>
  File "<frozen importlib._bootstrap>", line 488 in 
_call_with_frames_removed
  File "<frozen importlib._bootstrap_external>", 
line 995 in exec_module
  File "<frozen importlib._bootstrap>", line 935 in 
_load_unlocked
  File "<frozen importlib._bootstrap>", line 1331 
in _find_and_load_unlocked
  File "<frozen importlib._bootstrap>", line 1360 
in _find_and_load
  File "<frozen importlib._bootstrap>", line 488 in 
_call_with_frames_removed
  File "<frozen importlib._bootstrap>", line 1415 
in _handle_fromlist
  File "C:\ProgramData\anaconda3\Lib\site-packages\t
ensorflow\python\keras\engine\functional.py", line 
33 in <module>
  File "<frozen importlib._bootstrap>", line 488 in 
_call_with_frames_removed
  File "<frozen importlib._bootstrap_external>", 
line 995 in exec_module
  File "<frozen importlib._bootstrap>", line 935 in 
_load_unlocked
  File "<frozen importlib._bootstrap>", line 1331 
in _find_and_load_unlocked
  File "<frozen importlib._bootstrap>", line 1360 
in _find_and_load
  File "<frozen importlib._bootstrap>", line 488 in 
_call_with_frames_removed
  File "<frozen importlib._bootstrap>", line 1415 
in _handle_fromlist
  File "C:\ProgramData\anaconda3\Lib\site-packages\t
ensorflow\python\keras\models.py", line 22 in 
<module>
  File "<frozen importlib._bootstrap>", line 488 in 
_call_with_frames_removed
  File "<frozen importlib._bootstrap_external>", 
line 995 in exec_module
  File "<frozen importlib._bootstrap>", line 935 in 
_load_unlocked
  File "<frozen importlib._bootstrap>", line 1331 
in _find_and_load_unlocked
  File "<frozen importlib._bootstrap>", line 1360 
in _find_and_load
  File "<frozen importlib._bootstrap>", line 488 in 
_call_with_frames_removed
  File "<frozen importlib._bootstrap>", line 1415 
in _handle_fromlist
  File "C:\ProgramData\anaconda3\Lib\site-packages\t
ensorflow\python\keras\__init__.py", line 25 in 
<module>
  File "<frozen importlib._bootstrap>", line 488 in 
_call_with_frames_removed
  File "<frozen importlib._bootstrap_external>", 
line 995 in exec_module
  File "<frozen importlib._bootstrap>", line 935 in 
_load_unlocked
  File "<frozen importlib._bootstrap>", line 1331 
in _find_and_load_unlocked
  File "<frozen importlib._bootstrap>", line 1360 
in _find_and_load
  File "<frozen importlib._bootstrap>", line 488 in 
_call_with_frames_removed
  File "<frozen importlib._bootstrap>", line 1310 
in _find_and_load_unlocked
  File "<frozen importlib._bootstrap>", line 1360 
in _find_and_load
  File "C:\ProgramData\anaconda3\Lib\site-packages\t
ensorflow\python\layers\base.py", line 16 in 
<module>
  File "<frozen importlib._bootstrap>", line 488 in 
_call_with_frames_removed
  File "<frozen importlib._bootstrap_external>", 
line 995 in exec_module
  File "<frozen importlib._bootstrap>", line 935 in 
_load_unlocked
  File "<frozen importlib._bootstrap>", line 1331 
in _find_and_load_unlocked
  File "<frozen importlib._bootstrap>", line 1360 
in _find_and_load
  File "<frozen importlib._bootstrap>", line 488 in 
_call_with_frames_removed
  File "<frozen importlib._bootstrap>", line 1415 
in _handle_fromlist
  File "C:\ProgramData\anaconda3\Lib\site-packages\t
ensorflow\python\feature_column\feature_column.py", 
line 41 in <module>
  File "<frozen importlib._bootstrap>", line 488 in 
_call_with_frames_removed
  File "<frozen importlib._bootstrap_external>", 
line 995 in exec_module
  File "<frozen importlib._bootstrap>", line 935 in 
_load_unlocked
  File "<frozen importlib._bootstrap>", line 1331 
in _find_and_load_unlocked
  File "<frozen importlib._bootstrap>", line 1360 
in _find_and_load
  File "<frozen importlib._bootstrap>", line 488 in 
_call_with_frames_removed
  File "<frozen importlib._bootstrap>", line 1415 
in _handle_fromlist
  File "C:\ProgramData\anaconda3\Lib\site-packages\t
ensorflow\python\feature_column\feature_column_v2.py
", line 38 in <module>
  File "<frozen importlib._bootstrap>", line 488 in 
_call_with_frames_removed
  File "<frozen importlib._bootstrap_external>", 
line 995 in exec_module
  File "<frozen importlib._bootstrap>", line 935 in 
_load_unlocked
  File "<frozen importlib._bootstrap>", line 1331 
in _find_and_load_unlocked
  File "<frozen importlib._bootstrap>", line 1360 
in _find_and_load
  File "C:\ProgramData\anaconda3\Lib\site-packages\t
ensorflow\_api\v2\__internal__\feature_column\__init
__.py", line 8 in <module>
  File "<frozen importlib._bootstrap>", line 488 in 
_call_with_frames_removed
  File "<frozen importlib._bootstrap_external>", 
line 995 in exec_module
  File "<frozen importlib._bootstrap>", line 935 in 
_load_unlocked
  File "<frozen importlib._bootstrap>", line 1331 
in _find_and_load_unlocked
  File "<frozen importlib._bootstrap>", line 1360 
in _find_and_load
  File "<frozen importlib._bootstrap>", line 488 in 
_call_with_frames_removed
  File "<frozen importlib._bootstrap>", line 1415 
in _handle_fromlist
  File "C:\ProgramData\anaconda3\Lib\site-packages\t
ensorflow\_api\v2\__internal__\__init__.py", line 
13 in <module>
  File "<frozen importlib._bootstrap>", line 488 in 
_call_with_frames_removed
  ...
Windows fatal exception: code 0xc0000139

Thread 0x0000d60c (most recent call first):
  File "<frozen importlib._bootstrap>", line 488 in 
_call_with_frames_removed
  File "<frozen importlib._bootstrap_external>", 
line 1289 in create_module
  File "<frozen importlib._bootstrap>", line 813 in 
module_from_spec
  File "<frozen importlib._bootstrap>", line 921 in 
_load_unlocked
  File "<frozen importlib._bootstrap>", line 1331 
in _find_and_load_unlocked
  File "<frozen importlib._bootstrap>", line 1360 
in _find_and_load
  File "<frozen importlib._bootstrap>", line 488 in 
_call_with_frames_removed
  File "<frozen importlib._bootstrap_external>", 
line 1297 in exec_module
  File "<frozen importlib._bootstrap>", line 935 in 
_load_unlocked
  File "<frozen importlib._bootstrap>", line 1331 
in _find_and_load_unlocked
  File "<frozen importlib._bootstrap>", line 1360 
in _find_and_load
  File "<frozen importlib._bootstrap>", line 488 in 
_call_with_frames_removed
  File "<frozen importlib._bootstrap>", line 1415 
in _handle_fromlist
  File "C:\ProgramData\anaconda3\Lib\site-packages\h
5py\version.py", line 15 in <module>
  File "<frozen importlib._bootstrap>", line 488 in 
_call_with_frames_removed
  File "<frozen importlib._bootstrap_external>", 
line 995 in exec_module
  File "<frozen importlib._bootstrap>", line 935 in 
_load_unlocked
  File "<frozen importlib._bootstrap>", line 1331 
in _find_and_load_unlocked
  File "<frozen importlib._bootstrap>", line 1360 
in _find_and_load
  File "<frozen importlib._bootstrap>", line 488 in 
_call_with_frames_removed
  File "<frozen importlib._bootstrap>", line 1415 
in _handle_fromlist
  File "C:\ProgramData\anaconda3\Lib\site-packages\h
5py\__init__.py", line 33 in <module>
  File "<frozen importlib._bootstrap>", line 488 in 
_call_with_frames_removed
  File "<frozen importlib._bootstrap_external>", 
line 995 in exec_module
  File "<frozen importlib._bootstrap>", line 935 in 
_load_unlocked
  File "<frozen importlib._bootstrap>", line 1331 
in _find_and_load_unlocked
  File "<frozen importlib._bootstrap>", line 1360 
in _find_and_load
  File "C:\ProgramData\anaconda3\Lib\site-packages\t
ensorflow\python\keras\engine\training.py", line 86 
in <module>
  File "<frozen importlib._bootstrap>", line 488 in 
_call_with_frames_removed
  File "<frozen importlib._bootstrap_external>", 
line 995 in exec_module
  File "<frozen importlib._bootstrap>", line 935 in 
_load_unlocked
  File "<frozen importlib._bootstrap>", line 1331 
in _find_and_load_unlocked
  File "<frozen importlib._bootstrap>", line 1360 
in _find_and_load
  File "<frozen importlib._bootstrap>", line 488 in 
_call_with_frames_removed
  File "<frozen importlib._bootstrap>", line 1415 
in _handle_fromlist
  File "C:\ProgramData\anaconda3\Lib\site-packages\t
ensorflow\python\keras\engine\functional.py", line 
33 in <module>
  File "<frozen importlib._bootstrap>", line 488 in 
_call_with_frames_removed
  File "<frozen importlib._bootstrap_external>", 
line 995 in exec_module
  File "<frozen importlib._bootstrap>", line 935 in 
_load_unlocked
  File "<frozen importlib._bootstrap>", line 1331 
in _find_and_load_unlocked
  File "<frozen importlib._bootstrap>", line 1360 
in _find_and_load
  File "<frozen importlib._bootstrap>", line 488 in 
_call_with_frames_removed
  File "<frozen importlib._bootstrap>", line 1415 
in _handle_fromlist
  File "C:\ProgramData\anaconda3\Lib\site-packages\t
ensorflow\python\keras\models.py", line 22 in 
<module>
  File "<frozen importlib._bootstrap>", line 488 in 
_call_with_frames_removed
  File "<frozen importlib._bootstrap_external>", 
line 995 in exec_module
  File "<frozen importlib._bootstrap>", line 935 in 
_load_unlocked
  File "<frozen importlib._bootstrap>", line 1331 
in _find_and_load_unlocked
  File "<frozen importlib._bootstrap>", line 1360 
in _find_and_load
  File "<frozen importlib._bootstrap>", line 488 in 
_call_with_frames_removed
  File "<frozen importlib._bootstrap>", line 1415 
in _handle_fromlist
  File "C:\ProgramData\anaconda3\Lib\site-packages\t
ensorflow\python\keras\__init__.py", line 25 in 
<module>
  File "<frozen importlib._bootstrap>", line 488 in 
_call_with_frames_removed
  File "<frozen importlib._bootstrap_external>", 
line 995 in exec_module
  File "<frozen importlib._bootstrap>", line 935 in 
_load_unlocked
  File "<frozen importlib._bootstrap>", line 1331 
in _find_and_load_unlocked
  File "<frozen importlib._bootstrap>", line 1360 
in _find_and_load
  File "<frozen importlib._bootstrap>", line 488 in 
_call_with_frames_removed
  File "<frozen importlib._bootstrap>", line 1310 
in _find_and_load_unlocked
  File "<frozen importlib._bootstrap>", line 1360 
in _find_and_load
  File "C:\ProgramData\anaconda3\Lib\site-packages\t
ensorflow\python\layers\base.py", line 16 in 
<module>
  File "<frozen importlib._bootstrap>", line 488 in 
_call_with_frames_removed
  File "<frozen importlib._bootstrap_external>", 
line 995 in exec_module
  File "<frozen importlib._bootstrap>", line 935 in 
_load_unlocked
  File "<frozen importlib._bootstrap>", line 1331 
in _find_and_load_unlocked
  File "<frozen importlib._bootstrap>", line 1360 
in _find_and_load
  File "<frozen importlib._bootstrap>", line 488 in 
_call_with_frames_removed
  File "<frozen importlib._bootstrap>", line 1415 
in _handle_fromlist
  File "C:\ProgramData\anaconda3\Lib\site-packages\t
ensorflow\python\feature_column\feature_column.py", 
line 41 in <module>
  File "<frozen importlib._bootstrap>", line 488 in 
_call_with_frames_removed
  File "<frozen importlib._bootstrap_external>", 
line 995 in exec_module
  File "<frozen importlib._bootstrap>", line 935 in 
_load_unlocked
  File "<frozen importlib._bootstrap>", line 1331 
in _find_and_load_unlocked
  File "<frozen importlib._bootstrap>", line 1360 
in _find_and_load
  File "<frozen importlib._bootstrap>", line 488 in 
_call_with_frames_removed
  File "<frozen importlib._bootstrap>", line 1415 
in _handle_fromlist
  File "C:\ProgramData\anaconda3\Lib\site-packages\t
ensorflow\python\feature_column\feature_column_v2.py
", line 38 in <module>
  File "<frozen importlib._bootstrap>", line 488 in 
_call_with_frames_removed
  File "<frozen importlib._bootstrap_external>", 
line 995 in exec_module
  File "<frozen importlib._bootstrap>", line 935 in 
_load_unlocked
  File "<frozen importlib._bootstrap>", line 1331 
in _find_and_load_unlocked
  File "<frozen importlib._bootstrap>", line 1360 
in _find_and_load
  File "C:\ProgramData\anaconda3\Lib\site-packages\t
ensorflow\_api\v2\__internal__\feature_column\__init
__.py", line 8 in <module>
  File "<frozen importlib._bootstrap>", line 488 in 
_call_with_frames_removed
  File "<frozen importlib._bootstrap_external>", 
line 995 in exec_module
  File "<frozen importlib._bootstrap>", line 935 in 
_load_unlocked
  File "<frozen importlib._bootstrap>", line 1331 
in _find_and_load_unlocked
  File "<frozen importlib._bootstrap>", line 1360 
in _find_and_load
  File "<frozen importlib._bootstrap>", line 488 in 
_call_with_frames_removed
  File "<frozen importlib._bootstrap>", line 1415 
in _handle_fromlist
  File "C:\ProgramData\anaconda3\Lib\site-packages\t
ensorflow\_api\v2\__internal__\__init__.py", line 
13 in <module>
  File "<frozen importlib._bootstrap>", line 488 in 
_call_with_frames_removed
  File "<frozen importlib._bootstrap_external>", 
line 995 in exec_module
  File "<frozen importlib._bootstrap>", line 935 in 
_load_unlocked
  File "<frozen importlib._bootstrap>", line 1331 
in _find_and_load_unlocked
  File "<frozen importlib._bootstrap>", line 1360 
in _find_and_load
  File "<frozen importlib._bootstrap>", line 488 in 
_call_with_frames_removed
  File "<frozen importlib._bootstrap>", line 1415 
in _handle_fromlist
  File "C:\ProgramData\anaconda3\Lib\site-packages\t
ensorflow\__init__.py", line 49 in <module>
  File "<frozen importlib._bootstrap>", line 488 in 
_call_with_frames_removed
  ...
Windows fatal exception: code 0xc0000139

Thread 0x0000d60c (most recent call first):
  File "<frozen importlib._bootstrap>", line 488 in 
_call_with_frames_removed
  File "<frozen importlib._bootstrap_external>", 
line 1289 in create_module
  File "<frozen importlib._bootstrap>", line 813 in 
module_from_spec
  File "<frozen importlib._bootstrap>", line 921 in 
_load_unlocked
  File "<frozen importlib._bootstrap>", line 1331 
in _find_and_load_unlocked
  File "<frozen importlib._bootstrap>", line 1360 
in _find_and_load
  File "<frozen importlib._bootstrap>", line 488 in 
_call_with_frames_removed
  File "<frozen importlib._bootstrap_external>", 
line 1297 in exec_module
  File "<frozen importlib._bootstrap>", line 935 in 
_load_unlocked
  File "<frozen importlib._bootstrap>", line 1331 
in _find_and_load_unlocked
  File "<frozen importlib._bootstrap>", line 1360 
in _find_and_load
  File "<frozen importlib._bootstrap>", line 488 in 
_call_with_frames_removed
  File "<frozen importlib._bootstrap>", line 1415 
in _handle_fromlist
  File "C:\ProgramData\anaconda3\Lib\site-packages\h
5py\version.py", line 15 in <module>
  File "<frozen importlib._bootstrap>", line 488 in 
_call_with_frames_removed
  File "<frozen importlib._bootstrap_external>", 
line 995 in exec_module
  File "<frozen importlib._bootstrap>", line 935 in 
_load_unlocked
  File "<frozen importlib._bootstrap>", line 1331 
in _find_and_load_unlocked
  File "<frozen importlib._bootstrap>", line 1360 
in _find_and_load
  File "<frozen importlib._bootstrap>", line 488 in 
_call_with_frames_removed
  File "<frozen importlib._bootstrap>", line 1415 
in _handle_fromlist
  File "C:\ProgramData\anaconda3\Lib\site-packages\h
5py\__init__.py", line 33 in <module>
  File "<frozen importlib._bootstrap>", line 488 in 
_call_with_frames_removed
  File "<frozen importlib._bootstrap_external>", 
line 995 in exec_module
  File "<frozen importlib._bootstrap>", line 935 in 
_load_unlocked
  File "<frozen importlib._bootstrap>", line 1331 
in _find_and_load_unlocked
  File "<frozen importlib._bootstrap>", line 1360 
in _find_and_load
  File "C:\ProgramData\anaconda3\Lib\site-packages\k
eras\src\saving\saving_lib.py", line 35 in <module>
  File "<frozen importlib._bootstrap>", line 488 in 
_call_with_frames_removed
  File "<frozen importlib._bootstrap_external>", 
line 995 in exec_module
  File "<frozen importlib._bootstrap>", line 935 in 
_load_unlocked
  File "<frozen importlib._bootstrap>", line 1331 
in _find_and_load_unlocked
  File "<frozen importlib._bootstrap>", line 1360 
in _find_and_load
  File "<frozen importlib._bootstrap>", line 488 in 
_call_with_frames_removed
  File "<frozen importlib._bootstrap>", line 1415 
in _handle_fromlist
  File "C:\ProgramData\anaconda3\Lib\site-packages\k
eras\src\models\variable_mapping.py", line 4 in 
<module>
  File "<frozen importlib._bootstrap>", line 488 in 
_call_with_frames_removed
  File "<frozen importlib._bootstrap_external>", 
line 995 in exec_module
  File "<frozen importlib._bootstrap>", line 935 in 
_load_unlocked
  File "<frozen importlib._bootstrap>", line 1331 
in _find_and_load_unlocked
  File "<frozen importlib._bootstrap>", line 1360 
in _find_and_load
  File "C:\ProgramData\anaconda3\Lib\site-packages\k
eras\src\models\model.py", line 10 in <module>
  File "<frozen importlib._bootstrap>", line 488 in 
_call_with_frames_removed
  File "<frozen importlib._bootstrap_external>", 
line 995 in exec_module
  File "<frozen importlib._bootstrap>", line 935 in 
_load_unlocked
  File "<frozen importlib._bootstrap>", line 1331 
in _find_and_load_unlocked
  File "<frozen importlib._bootstrap>", line 1360 
in _find_and_load
  File "C:\ProgramData\anaconda3\Lib\site-packages\k
eras\src\models\functional.py", line 16 in <module>
  File "<frozen importlib._bootstrap>", line 488 in 
_call_with_frames_removed
  File "<frozen importlib._bootstrap_external>", 
line 995 in exec_module
  File "<frozen importlib._bootstrap>", line 935 in 
_load_unlocked
  File "<frozen importlib._bootstrap>", line 1331 
in _find_and_load_unlocked
  File "<frozen importlib._bootstrap>", line 1360 
in _find_and_load
  File "C:\ProgramData\anaconda3\Lib\site-packages\k
eras\src\models\__init__.py", line 1 in <module>
  File "<frozen importlib._bootstrap>", line 488 in 
_call_with_frames_removed
  File "<frozen importlib._bootstrap_external>", 
line 995 in exec_module
  File "<frozen importlib._bootstrap>", line 935 in 
_load_unlocked
  File "<frozen importlib._bootstrap>", line 1331 
in _find_and_load_unlocked
  File "<frozen importlib._bootstrap>", line 1360 
in _find_and_load
  File "<frozen importlib._bootstrap>", line 488 in 
_call_with_frames_removed
  File "<frozen importlib._bootstrap>", line 1415 
in _handle_fromlist
  File "C:\ProgramData\anaconda3\Lib\site-packages\k
eras\src\legacy\saving\saving_utils.py", line 10 in 
<module>
  File "<frozen importlib._bootstrap>", line 488 in 
_call_with_frames_removed
  File "<frozen importlib._bootstrap_external>", 
line 995 in exec_module
  File "<frozen importlib._bootstrap>", line 935 in 
_load_unlocked
  File "<frozen importlib._bootstrap>", line 1331 
in _find_and_load_unlocked
  File "<frozen importlib._bootstrap>", line 1360 
in _find_and_load
  File "<frozen importlib._bootstrap>", line 488 in 
_call_with_frames_removed
  File "<frozen importlib._bootstrap>", line 1415 
in _handle_fromlist
  File "C:\ProgramData\anaconda3\Lib\site-packages\k
eras\src\legacy\saving\legacy_h5_format.py", line 
13 in <module>
  File "<frozen importlib._bootstrap>", line 488 in 
_call_with_frames_removed
  File "<frozen importlib._bootstrap_external>", 
line 995 in exec_module
  File "<frozen importlib._bootstrap>", line 935 in 
_load_unlocked
  File "<frozen importlib._bootstrap>", line 1331 
in _find_and_load_unlocked
  File "<frozen importlib._bootstrap>", line 1360 
in _find_and_load
  File "<frozen importlib._bootstrap>", line 488 in 
_call_with_frames_removed
  File "<frozen importlib._bootstrap>", line 1415 
in _handle_fromlist
  File "C:\ProgramData\anaconda3\Lib\site-packages\k
eras\src\saving\saving_api.py", line 7 in <module>
  File "<frozen importlib._bootstrap>", line 488 in 
_call_with_frames_removed
  File "<frozen importlib._bootstrap_external>", 
line 995 in exec_module
  File "<frozen importlib._bootstrap>", line 935 in 
_load_unlocked
  File "<frozen importlib._bootstrap>", line 1331 
in _find_and_load_unlocked
  File "<frozen importlib._bootstrap>", line 1360 
in _find_and_load
  File "C:\ProgramData\anaconda3\Lib\site-packages\k
eras\src\saving\__init__.py", line 7 in <module>
  File "<frozen importlib._bootstrap>", line 488 in 
_call_with_frames_removed
  File "<frozen importlib._bootstrap_external>", 
line 995 in exec_module
  File "<frozen importlib._bootstrap>", line 935 in 
_load_unlocked
  File "<frozen importlib._bootstrap>", line 1331 
in _find_and_load_unlocked
  File "<frozen importlib._bootstrap>", line 1360 
in _find_and_load
  File "C:\ProgramData\anaconda3\Lib\site-packages\k
eras\src\activations\__init__.py", line 33 in 
<module>
  File "<frozen importlib._bootstrap>", line 488 in 
_call_with_frames_removed
  File "<frozen importlib._bootstrap_external>", 
line 995 in exec_module
  File "<frozen importlib._bootstrap>", line 935 in 
_load_unlocked
  File "<frozen importlib._bootstrap>", line 1331 
in _find_and_load_unlocked
  File "<frozen importlib._bootstrap>", line 1360 
in _find_and_load
  File "<frozen importlib._bootstrap>", line 488 in 
_call_with_frames_removed
  File "<frozen importlib._bootstrap>", line 1415 
in _handle_fromlist
  File "C:\ProgramData\anaconda3\Lib\site-packages\k
eras\src\__init__.py", line 1 in <module>
  File "<frozen importlib._bootstrap>", line 488 in 
_call_with_frames_removed
  File "<frozen importlib._bootstrap_external>", 
line 995 in exec_module
  ...
Windows fatal exception: code 0xc0000139

Thread 0x0000d60c (most recent call first):
  File "<frozen importlib._bootstrap>", line 488 in 
_call_with_frames_removed
  File "<frozen importlib._bootstrap_external>", 
line 1289 in create_module
  File "<frozen importlib._bootstrap>", line 813 in 
module_from_spec
  File "<frozen importlib._bootstrap>", line 921 in 
_load_unlocked
  File "<frozen importlib._bootstrap>", line 1331 
in _find_and_load_unlocked
  File "<frozen importlib._bootstrap>", line 1360 
in _find_and_load
  File "<frozen importlib._bootstrap>", line 488 in 
_call_with_frames_removed
  File "<frozen importlib._bootstrap_external>", 
line 1297 in exec_module
  File "<frozen importlib._bootstrap>", line 935 in 
_load_unlocked
  File "<frozen importlib._bootstrap>", line 1331 
in _find_and_load_unlocked
  File "<frozen importlib._bootstrap>", line 1360 
in _find_and_load
  File "<frozen importlib._bootstrap>", line 488 in 
_call_with_frames_removed
  File "<frozen importlib._bootstrap>", line 1415 
in _handle_fromlist
  File "C:\ProgramData\anaconda3\Lib\site-packages\h
5py\version.py", line 15 in <module>
  File "<frozen importlib._bootstrap>", line 488 in 
_call_with_frames_removed
  File "<frozen importlib._bootstrap_external>", 
line 995 in exec_module
  File "<frozen importlib._bootstrap>", line 935 in 
_load_unlocked
  File "<frozen importlib._bootstrap>", line 1331 
in _find_and_load_unlocked
  File "<frozen importlib._bootstrap>", line 1360 
in _find_and_load
  File "<frozen importlib._bootstrap>", line 488 in 
_call_with_frames_removed
  File "<frozen importlib._bootstrap>", line 1415 
in _handle_fromlist
  File "C:\ProgramData\anaconda3\Lib\site-packages\h
5py\__init__.py", line 33 in <module>
  File "<frozen importlib._bootstrap>", line 488 in 
_call_with_frames_removed
  File "<frozen importlib._bootstrap_external>", 
line 995 in exec_module
  File "<frozen importlib._bootstrap>", line 935 in 
_load_unlocked
  File "<frozen importlib._bootstrap>", line 1331 
in _find_and_load_unlocked
  File "<frozen importlib._bootstrap>", line 1360 
in _find_and_load
  File "C:\ProgramData\anaconda3\Lib\site-packages\k
eras\src\legacy\saving\legacy_h5_format.py", line 
18 in <module>
  File "<frozen importlib._bootstrap>", line 488 in 
_call_with_frames_removed
  File "<frozen importlib._bootstrap_external>", 
line 995 in exec_module
  File "<frozen importlib._bootstrap>", line 935 in 
_load_unlocked
  File "<frozen importlib._bootstrap>", line 1331 
in _find_and_load_unlocked
  File "<frozen importlib._bootstrap>", line 1360 
in _find_and_load
  File "<frozen importlib._bootstrap>", line 488 in 
_call_with_frames_removed
  File "<frozen importlib._bootstrap>", line 1415 
in _handle_fromlist
  File "C:\ProgramData\anaconda3\Lib\site-packages\k
eras\src\saving\saving_api.py", line 7 in <module>
  File "<frozen importlib._bootstrap>", line 488 in 
_call_with_frames_removed
  File "<frozen importlib._bootstrap_external>", 
line 995 in exec_module
  File "<frozen importlib._bootstrap>", line 935 in 
_load_unlocked
  File "<frozen importlib._bootstrap>", line 1331 
in _find_and_load_unlocked
  File "<frozen importlib._bootstrap>", line 1360 
in _find_and_load
  File "C:\ProgramData\anaconda3\Lib\site-packages\k
eras\src\saving\__init__.py", line 7 in <module>
  File "<frozen importlib._bootstrap>", line 488 in 
_call_with_frames_removed
  File "<frozen importlib._bootstrap_external>", 
line 995 in exec_module
  File "<frozen importlib._bootstrap>", line 935 in 
_load_unlocked
  File "<frozen importlib._bootstrap>", line 1331 
in _find_and_load_unlocked
  File "<frozen importlib._bootstrap>", line 1360 
in _find_and_load
  File "C:\ProgramData\anaconda3\Lib\site-packages\k
eras\src\activations\__init__.py", line 33 in 
<module>
  File "<frozen importlib._bootstrap>", line 488 in 
_call_with_frames_removed
  File "<frozen importlib._bootstrap_external>", 
line 995 in exec_module
  File "<frozen importlib._bootstrap>", line 935 in 
_load_unlocked
  File "<frozen importlib._bootstrap>", line 1331 
in _find_and_load_unlocked
  File "<frozen importlib._bootstrap>", line 1360 
in _find_and_load
  File "<frozen importlib._bootstrap>", line 488 in 
_call_with_frames_removed
  File "<frozen importlib._bootstrap>", line 1415 
in _handle_fromlist
  File "C:\ProgramData\anaconda3\Lib\site-packages\k
eras\src\__init__.py", line 1 in <module>
  File "<frozen importlib._bootstrap>", line 488 in 
_call_with_frames_removed
  File "<frozen importlib._bootstrap_external>", 
line 995 in exec_module
  File "<frozen importlib._bootstrap>", line 935 in 
_load_unlocked
  File "<frozen importlib._bootstrap>", line 1331 
in _find_and_load_unlocked
  File "<frozen importlib._bootstrap>", line 1360 
in _find_and_load
  File "<frozen importlib._bootstrap>", line 488 in 
_call_with_frames_removed
  File "<frozen importlib._bootstrap>", line 1310 
in _find_and_load_unlocked
  File "<frozen importlib._bootstrap>", line 1360 
in _find_and_load
  File "C:\ProgramData\anaconda3\Lib\site-packages\k
eras\api\activations\__init__.py", line 7 in 
<module>
  File "<frozen importlib._bootstrap>", line 488 in 
_call_with_frames_removed
  File "<frozen importlib._bootstrap_external>", 
line 995 in exec_module
  File "<frozen importlib._bootstrap>", line 935 in 
_load_unlocked
  File "<frozen importlib._bootstrap>", line 1331 
in _find_and_load_unlocked
  File "<frozen importlib._bootstrap>", line 1360 
in _find_and_load
  File "<frozen importlib._bootstrap>", line 488 in 
_call_with_frames_removed
  File "<frozen importlib._bootstrap>", line 1415 
in _handle_fromlist
  File "C:\ProgramData\anaconda3\Lib\site-packages\k
eras\api\__init__.py", line 8 in <module>
  File "<frozen importlib._bootstrap>", line 488 in 
_call_with_frames_removed
  File "<frozen importlib._bootstrap_external>", 
line 995 in exec_module
  File "<frozen importlib._bootstrap>", line 935 in 
_load_unlocked
  File "<frozen importlib._bootstrap>", line 1331 
in _find_and_load_unlocked
  File "<frozen importlib._bootstrap>", line 1360 
in _find_and_load
  File "C:\ProgramData\anaconda3\Lib\site-packages\k
eras\__init__.py", line 2 in <module>
  File "<frozen importlib._bootstrap>", line 488 in 
_call_with_frames_removed
  File "<frozen importlib._bootstrap_external>", 
line 995 in exec_module
  File "<frozen importlib._bootstrap>", line 935 in 
_load_unlocked
  File "<frozen importlib._bootstrap>", line 1331 
in _find_and_load_unlocked
  File "<frozen importlib._bootstrap>", line 1360 
in _find_and_load
  File "<frozen importlib._bootstrap>", line 488 in 
_call_with_frames_removed
  File "<frozen importlib._bootstrap>", line 1310 
in _find_and_load_unlocked
  File "<frozen importlib._bootstrap>", line 1360 
in _find_and_load
  File "C:\ProgramData\anaconda3\Lib\site-packages\k
eras\_tf_keras\keras\__init__.py", line 7 in 
<module>
  File "<frozen importlib._bootstrap>", line 488 in 
_call_with_frames_removed
  File "<frozen importlib._bootstrap_external>", 
line 995 in exec_module
  File "<frozen importlib._bootstrap>", line 935 in 
_load_unlocked
  File "<frozen importlib._bootstrap>", line 1331 
in _find_and_load_unlocked
  File "<frozen importlib._bootstrap>", line 1360 
in _find_and_load
  File "<frozen importlib._bootstrap>", line 488 in 
_call_with_frames_removed
  File "<frozen importlib._bootstrap>", line 1310 
in _find_and_load_unlocked
  File "<frozen importlib._bootstrap>", line 1360 
in _find_and_load
  File "C:\ProgramData\anaconda3\Lib\site-packages\r
etinaface\model\retinaface_model.py", line 31 in 
<module>
  File "<frozen importlib._bootstrap>", line 488 in 
_call_with_frames_removed
  File "<frozen importlib._bootstrap_external>", 
line 995 in exec_module
  File "<frozen importlib._bootstrap>", line 935 in 
_load_unlocked
  ...
Windows fatal exception: code 0xc0000139

Thread 0x0000d60c (most recent call first):
  File "<frozen importlib._bootstrap>", line 488 in 
_call_with_frames_removed
  File "<frozen importlib._bootstrap_external>", 
line 1289 in create_module
  File "<frozen importlib._bootstrap>", line 813 in 
module_from_spec
  File "<frozen importlib._bootstrap>", line 921 in 
_load_unlocked
  File "<frozen importlib._bootstrap>", line 1331 
in _find_and_load_unlocked
  File "<frozen importlib._bootstrap>", line 1360 
in _find_and_load
  File "<frozen importlib._bootstrap>", line 488 in 
_call_with_frames_removed
  File "<frozen importlib._bootstrap_external>", 
line 1297 in exec_module
  File "<frozen importlib._bootstrap>", line 935 in 
_load_unlocked
  File "<frozen importlib._bootstrap>", line 1331 
in _find_and_load_unlocked
  File "<frozen importlib._bootstrap>", line 1360 
in _find_and_load
  File "<frozen importlib._bootstrap>", line 488 in 
_call_with_frames_removed
  File "<frozen importlib._bootstrap>", line 1415 
in _handle_fromlist
  File "C:\ProgramData\anaconda3\Lib\site-packages\h
5py\version.py", line 15 in <module>
  File "<frozen importlib._bootstrap>", line 488 in 
_call_with_frames_removed
  File "<frozen importlib._bootstrap_external>", 
line 995 in exec_module
  File "<frozen importlib._bootstrap>", line 935 in 
_load_unlocked
  File "<frozen importlib._bootstrap>", line 1331 
in _find_and_load_unlocked
  File "<frozen importlib._bootstrap>", line 1360 
in _find_and_load
  File "<frozen importlib._bootstrap>", line 488 in 
_call_with_frames_removed
  File "<frozen importlib._bootstrap>", line 1415 
in _handle_fromlist
  File "C:\ProgramData\anaconda3\Lib\site-packages\h
5py\__init__.py", line 33 in <module>
  File "<frozen importlib._bootstrap>", line 488 in 
_call_with_frames_removed
  File "<frozen importlib._bootstrap_external>", 
line 995 in exec_module
  File "<frozen importlib._bootstrap>", line 935 in 
_load_unlocked
  File "<frozen importlib._bootstrap>", line 1331 
in _find_and_load_unlocked
  File "<frozen importlib._bootstrap>", line 1360 
in _find_and_load
  File "C:\ProgramData\anaconda3\Lib\site-packages\k
eras\src\saving\saving_api.py", line 13 in <module>
  File "<frozen importlib._bootstrap>", line 488 in 
_call_with_frames_removed
  File "<frozen importlib._bootstrap_external>", 
line 995 in exec_module
  File "<frozen importlib._bootstrap>", line 935 in 
_load_unlocked
  File "<frozen importlib._bootstrap>", line 1331 
in _find_and_load_unlocked
  File "<frozen importlib._bootstrap>", line 1360 
in _find_and_load
  File "C:\ProgramData\anaconda3\Lib\site-packages\k
eras\src\saving\__init__.py", line 7 in <module>
  File "<frozen importlib._bootstrap>", line 488 in 
_call_with_frames_removed
  File "<frozen importlib._bootstrap_external>", 
line 995 in exec_module
  File "<frozen importlib._bootstrap>", line 935 in 
_load_unlocked
  File "<frozen importlib._bootstrap>", line 1331 
in _find_and_load_unlocked
  File "<frozen importlib._bootstrap>", line 1360 
in _find_and_load
  File "C:\ProgramData\anaconda3\Lib\site-packages\k
eras\src\activations\__init__.py", line 33 in 
<module>
  File "<frozen importlib._bootstrap>", line 488 in 
_call_with_frames_removed
  File "<frozen importlib._bootstrap_external>", 
line 995 in exec_module
  File "<frozen importlib._bootstrap>", line 935 in 
_load_unlocked
  File "<frozen importlib._bootstrap>", line 1331 
in _find_and_load_unlocked
  File "<frozen importlib._bootstrap>", line 1360 
in _find_and_load
  File "<frozen importlib._bootstrap>", line 488 in 
_call_with_frames_removed
  File "<frozen importlib._bootstrap>", line 1415 
in _handle_fromlist
  File "C:\ProgramData\anaconda3\Lib\site-packages\k
eras\src\__init__.py", line 1 in <module>
  File "<frozen importlib._bootstrap>", line 488 in 
_call_with_frames_removed
  File "<frozen importlib._bootstrap_external>", 
line 995 in exec_module
  File "<frozen importlib._bootstrap>", line 935 in 
_load_unlocked
  File "<frozen importlib._bootstrap>", line 1331 
in _find_and_load_unlocked
  File "<frozen importlib._bootstrap>", line 1360 
in _find_and_load
  File "<frozen importlib._bootstrap>", line 488 in 
_call_with_frames_removed
  File "<frozen importlib._bootstrap>", line 1310 
in _find_and_load_unlocked
  File "<frozen importlib._bootstrap>", line 1360 
in _find_and_load
  File "C:\ProgramData\anaconda3\Lib\site-packages\k
eras\api\activations\__init__.py", line 7 in 
<module>
  File "<frozen importlib._bootstrap>", line 488 in 
_call_with_frames_removed
  File "<frozen importlib._bootstrap_external>", 
line 995 in exec_module
  File "<frozen importlib._bootstrap>", line 935 in 
_load_unlocked
  File "<frozen importlib._bootstrap>", line 1331 
in _find_and_load_unlocked
  File "<frozen importlib._bootstrap>", line 1360 
in _find_and_load
  File "<frozen importlib._bootstrap>", line 488 in 
_call_with_frames_removed
  File "<frozen importlib._bootstrap>", line 1415 
in _handle_fromlist
  File "C:\ProgramData\anaconda3\Lib\site-packages\k
eras\api\__init__.py", line 8 in <module>
  File "<frozen importlib._bootstrap>", line 488 in 
_call_with_frames_removed
  File "<frozen importlib._bootstrap_external>", 
line 995 in exec_module
  File "<frozen importlib._bootstrap>", line 935 in 
_load_unlocked
  File "<frozen importlib._bootstrap>", line 1331 
in _find_and_load_unlocked
  File "<frozen importlib._bootstrap>", line 1360 
in _find_and_load
  File "C:\ProgramData\anaconda3\Lib\site-packages\k
eras\__init__.py", line 2 in <module>
  File "<frozen importlib._bootstrap>", line 488 in 
_call_with_frames_removed
  File "<frozen importlib._bootstrap_external>", 
line 995 in exec_module
  File "<frozen importlib._bootstrap>", line 935 in 
_load_unlocked
  File "<frozen importlib._bootstrap>", line 1331 
in _find_and_load_unlocked
  File "<frozen importlib._bootstrap>", line 1360 
in _find_and_load
  File "<frozen importlib._bootstrap>", line 488 in 
_call_with_frames_removed
  File "<frozen importlib._bootstrap>", line 1310 
in _find_and_load_unlocked
  File "<frozen importlib._bootstrap>", line 1360 
in _find_and_load
  File "C:\ProgramData\anaconda3\Lib\site-packages\k
eras\_tf_keras\keras\__init__.py", line 7 in 
<module>
  File "<frozen importlib._bootstrap>", line 488 in 
_call_with_frames_removed
  File "<frozen importlib._bootstrap_external>", 
line 995 in exec_module
  File "<frozen importlib._bootstrap>", line 935 in 
_load_unlocked
  File "<frozen importlib._bootstrap>", line 1331 
in _find_and_load_unlocked
  File "<frozen importlib._bootstrap>", line 1360 
in _find_and_load
  File "<frozen importlib._bootstrap>", line 488 in 
_call_with_frames_removed
  File "<frozen importlib._bootstrap>", line 1310 
in _find_and_load_unlocked
  File "<frozen importlib._bootstrap>", line 1360 
in _find_and_load
  File "C:\ProgramData\anaconda3\Lib\site-packages\r
etinaface\model\retinaface_model.py", line 31 in 
<module>
  File "<frozen importlib._bootstrap>", line 488 in 
_call_with_frames_removed
  File "<frozen importlib._bootstrap_external>", 
line 995 in exec_module
  File "<frozen importlib._bootstrap>", line 935 in 
_load_unlocked
  File "<frozen importlib._bootstrap>", line 1331 
in _find_and_load_unlocked
  File "<frozen importlib._bootstrap>", line 1360 
in _find_and_load
  File "<frozen importlib._bootstrap>", line 488 in 
_call_with_frames_removed
  File "<frozen importlib._bootstrap>", line 1415 
in _handle_fromlist
  File "C:\ProgramData\anaconda3\Lib\site-packages\r
etinaface\RetinaFace.py", line 14 in <module>
  File "<frozen importlib._bootstrap>", line 488 in 
_call_with_frames_removed
  File "<frozen importlib._bootstrap_external>", 
line 995 in exec_module
  File "<frozen importlib._bootstrap>", line 935 in 
_load_unlocked
  ...
Windows fatal exception: code 0xc0000139

Thread 0x0000d60c (most recent call first):
  File "<frozen importlib._bootstrap>", line 488 in 
_call_with_frames_removed
  File "<frozen importlib._bootstrap_external>", 
line 1289 in create_module
  File "<frozen importlib._bootstrap>", line 813 in 
module_from_spec
  File "<frozen importlib._bootstrap>", line 921 in 
_load_unlocked
  File "<frozen importlib._bootstrap>", line 1331 
in _find_and_load_unlocked
  File "<frozen importlib._bootstrap>", line 1360 
in _find_and_load
  File "<frozen importlib._bootstrap>", line 488 in 
_call_with_frames_removed
  File "<frozen importlib._bootstrap_external>", 
line 1297 in exec_module
  File "<frozen importlib._bootstrap>", line 935 in 
_load_unlocked
  File "<frozen importlib._bootstrap>", line 1331 
in _find_and_load_unlocked
  File "<frozen importlib._bootstrap>", line 1360 
in _find_and_load
  File "<frozen importlib._bootstrap>", line 488 in 
_call_with_frames_removed
  File "<frozen importlib._bootstrap>", line 1415 
in _handle_fromlist
  File "C:\ProgramData\anaconda3\Lib\site-packages\h
5py\version.py", line 15 in <module>
  File "<frozen importlib._bootstrap>", line 488 in 
_call_with_frames_removed
  File "<frozen importlib._bootstrap_external>", 
line 995 in exec_module
  File "<frozen importlib._bootstrap>", line 935 in 
_load_unlocked
  File "<frozen importlib._bootstrap>", line 1331 
in _find_and_load_unlocked
  File "<frozen importlib._bootstrap>", line 1360 
in _find_and_load
  File "<frozen importlib._bootstrap>", line 488 in 
_call_with_frames_removed
  File "<frozen importlib._bootstrap>", line 1415 
in _handle_fromlist
  File "C:\ProgramData\anaconda3\Lib\site-packages\h
5py\__init__.py", line 33 in <module>
  File "<frozen importlib._bootstrap>", line 488 in 
_call_with_frames_removed
  File "<frozen importlib._bootstrap_external>", 
line 995 in exec_module
  File "<frozen importlib._bootstrap>", line 935 in 
_load_unlocked
  File "<frozen importlib._bootstrap>", line 1331 
in _find_and_load_unlocked
  File "<frozen importlib._bootstrap>", line 1360 
in _find_and_load
  File "C:\ProgramData\anaconda3\Lib\site-packages\k
eras\src\saving\file_editor.py", line 6 in <module>
  File "<frozen importlib._bootstrap>", line 488 in 
_call_with_frames_removed
  File "<frozen importlib._bootstrap_external>", 
line 995 in exec_module
  File "<frozen importlib._bootstrap>", line 935 in 
_load_unlocked
  File "<frozen importlib._bootstrap>", line 1331 
in _find_and_load_unlocked
  File "<frozen importlib._bootstrap>", line 1360 
in _find_and_load
  File "C:\ProgramData\anaconda3\Lib\site-packages\k
eras\api\saving\__init__.py", line 7 in <module>
  File "<frozen importlib._bootstrap>", line 488 in 
_call_with_frames_removed
  File "<frozen importlib._bootstrap_external>", 
line 995 in exec_module
  File "<frozen importlib._bootstrap>", line 935 in 
_load_unlocked
  File "<frozen importlib._bootstrap>", line 1331 
in _find_and_load_unlocked
  File "<frozen importlib._bootstrap>", line 1360 
in _find_and_load
  File "<frozen importlib._bootstrap>", line 488 in 
_call_with_frames_removed
  File "<frozen importlib._bootstrap>", line 1415 
in _handle_fromlist
  File "C:\ProgramData\anaconda3\Lib\site-packages\k
eras\api\__init__.py", line 31 in <module>
  File "<frozen importlib._bootstrap>", line 488 in 
_call_with_frames_removed
  File "<frozen importlib._bootstrap_external>", 
line 995 in exec_module
  File "<frozen importlib._bootstrap>", line 935 in 
_load_unlocked
  File "<frozen importlib._bootstrap>", line 1331 
in _find_and_load_unlocked
  File "<frozen importlib._bootstrap>", line 1360 
in _find_and_load
  File "C:\ProgramData\anaconda3\Lib\site-packages\k
eras\__init__.py", line 2 in <module>
  File "<frozen importlib._bootstrap>", line 488 in 
_call_with_frames_removed
  File "<frozen importlib._bootstrap_external>", 
line 995 in exec_module
  File "<frozen importlib._bootstrap>", line 935 in 
_load_unlocked
  File "<frozen importlib._bootstrap>", line 1331 
in _find_and_load_unlocked
  File "<frozen importlib._bootstrap>", line 1360 
in _find_and_load
  File "<frozen importlib._bootstrap>", line 488 in 
_call_with_frames_removed
  File "<frozen importlib._bootstrap>", line 1310 
in _find_and_load_unlocked
  File "<frozen importlib._bootstrap>", line 1360 
in _find_and_load
  File "C:\ProgramData\anaconda3\Lib\site-packages\k
eras\_tf_keras\keras\__init__.py", line 7 in 
<module>
  File "<frozen importlib._bootstrap>", line 488 in 
_call_with_frames_removed
  File "<frozen importlib._bootstrap_external>", 
line 995 in exec_module
  File "<frozen importlib._bootstrap>", line 935 in 
_load_unlocked
  File "<frozen importlib._bootstrap>", line 1331 
in _find_and_load_unlocked
  File "<frozen importlib._bootstrap>", line 1360 
in _find_and_load
  File "<frozen importlib._bootstrap>", line 488 in 
_call_with_frames_removed
  File "<frozen importlib._bootstrap>", line 1310 
in _find_and_load_unlocked
  File "<frozen importlib._bootstrap>", line 1360 
in _find_and_load
  File "C:\ProgramData\anaconda3\Lib\site-packages\r
etinaface\model\retinaface_model.py", line 31 in 
<module>
  File "<frozen importlib._bootstrap>", line 488 in 
_call_with_frames_removed
  File "<frozen importlib._bootstrap_external>", 
line 995 in exec_module
  File "<frozen importlib._bootstrap>", line 935 in 
_load_unlocked
  File "<frozen importlib._bootstrap>", line 1331 
in _find_and_load_unlocked
  File "<frozen importlib._bootstrap>", line 1360 
in _find_and_load
  File "<frozen importlib._bootstrap>", line 488 in 
_call_with_frames_removed
  File "<frozen importlib._bootstrap>", line 1415 
in _handle_fromlist
  File "C:\ProgramData\anaconda3\Lib\site-packages\r
etinaface\RetinaFace.py", line 14 in <module>
  File "<frozen importlib._bootstrap>", line 488 in 
_call_with_frames_removed
  File "<frozen importlib._bootstrap_external>", 
line 995 in exec_module
  File "<frozen importlib._bootstrap>", line 935 in 
_load_unlocked
  File "<frozen importlib._bootstrap>", line 1331 
in _find_and_load_unlocked
  File "<frozen importlib._bootstrap>", line 1360 
in _find_and_load
  File "<frozen importlib._bootstrap>", line 488 in 
_call_with_frames_removed
  File "<frozen importlib._bootstrap>", line 1415 
in _handle_fromlist
  File "G:\Github repo 
cloned\RetinaFace-Detection\src\detector.py", line 
5 in <module>
  File "<frozen importlib._bootstrap>", line 488 in 
_call_with_frames_removed
  File "<frozen importlib._bootstrap_external>", 
line 995 in exec_module
  File "<frozen importlib._bootstrap>", line 935 in 
_load_unlocked
  File "<frozen importlib._bootstrap>", line 1331 
in _find_and_load_unlocked
  File "<frozen importlib._bootstrap>", line 1360 
in _find_and_load
  File "G:\Github repo 
cloned\Ratina_Face\tests\test_detector.py", line 5 
in <module>
  File "C:\ProgramData\anaconda3\Lib\site-packages\_
pytest\assertion\rewrite.py", line 197 in 
exec_module
  File "<frozen importlib._bootstrap>", line 935 in 
_load_unlocked
  File "<frozen importlib._bootstrap>", line 1331 
in _find_and_load_unlocked
  File "<frozen importlib._bootstrap>", line 1360 
in _find_and_load
  File "<frozen importlib._bootstrap>", line 1387 
in _gcd_import
  File "C:\ProgramData\anaconda3\Lib\importlib\__ini
t__.py", line 90 in import_module
  File "C:\ProgramData\anaconda3\Lib\site-packages\_
pytest\pathlib.py", line 587 in import_path
  File "C:\ProgramData\anaconda3\Lib\site-packages\_
pytest\python.py", line 507 in importtestmodule
  File "C:\ProgramData\anaconda3\Lib\site-packages\_
pytest\python.py", line 560 in _getobj
  File "C:\ProgramData\anaconda3\Lib\site-packages\_
pytest\python.py", line 289 in obj
  File "C:\ProgramData\anaconda3\Lib\site-packages\_
pytest\python.py", line 576 in 
_register_setup_module_fixture
  File "C:\ProgramData\anaconda3\Lib\site-packages\_
pytest\python.py", line 563 in collect
  ...
collecting ... collected 0 items / 1 error

=================================== ERRORS ====================================
___________________ ERROR collecting tests/test_detector.py ___________________
ImportError while importing test module 'G:\Github repo cloned\RetinaFace-Detection\tests\test_detector.py'.
Hint: make sure your test modules/packages have valid Python names.
Traceback:
C:\ProgramData\anaconda3\Lib\importlib\__init__.py:90: in import_module
    return _bootstrap._gcd_import(name[level:], package, level)
           ^^^^^^^^^^^^^^^^^^^^^^^^^^^^^^^^^^^^^^^^^^^^^^^^^^^^
G:\Github repo cloned\Ratina_Face\tests\test_detector.py:5: in <module>
    ???
src\detector.py:5: in <module>
    from retinaface import RetinaFace
C:\ProgramData\anaconda3\Lib\site-packages\retinaface\RetinaFace.py:14: in <module>
    from retinaface.model import retinaface_model
C:\ProgramData\anaconda3\Lib\site-packages\retinaface\model\retinaface_model.py:31: in <module>
    from tensorflow.keras.models import Model
C:\ProgramData\anaconda3\Lib\site-packages\keras\_tf_keras\keras\__init__.py:7: in <module>
    from keras.api import activations
C:\ProgramData\anaconda3\Lib\site-packages\keras\__init__.py:2: in <module>
    from keras.api import DTypePolicy
C:\ProgramData\anaconda3\Lib\site-packages\keras\api\__init__.py:31: in <module>
    from keras.api import saving
C:\ProgramData\anaconda3\Lib\site-packages\keras\api\saving\__init__.py:7: in <module>
    from keras.src.saving.file_editor import KerasFileEditor
C:\ProgramData\anaconda3\Lib\site-packages\keras\src\saving\file_editor.py:6: in <module>
    import h5py
C:\ProgramData\anaconda3\Lib\site-packages\h5py\__init__.py:33: in <module>
    from . import version
C:\ProgramData\anaconda3\Lib\site-packages\h5py\version.py:15: in <module>
    from . import h5 as _h5
h5py\\h5.pyx:1: in init h5py.h5
    ???
E   ImportError: DLL load failed while importing defs: The specified procedure could not be found.
------------------------------- Captured stderr -------------------------------
2026-04-01 18:15:15.314042: I tensorflow/core/util/port.cc:153] oneDNN custom operations are on. You may see slightly different numerical results due to floating-point round-off errors from different computation orders. To turn them off, set the environment variable `TF_ENABLE_ONEDNN_OPTS=0`.
2026-04-01 18:15:17.407460: I tensorflow/core/util/port.cc:153] oneDNN custom operations are on. You may see slightly different numerical results due to floating-point round-off errors from different computation orders. To turn them off, set the environment variable `TF_ENABLE_ONEDNN_OPTS=0`.
============================== warnings summary ===============================
C:\ProgramData\anaconda3\Lib\site-packages\google\protobuf\internal\well_known_types.py:91
  C:\ProgramData\anaconda3\Lib\site-packages\google\protobuf\internal\well_known_types.py:91: DeprecationWarning: datetime.datetime.utcfromtimestamp() is deprecated and scheduled for removal in a future version. Use timezone-aware objects to represent datetimes in UTC: datetime.datetime.fromtimestamp(timestamp, datetime.UTC).
    _EPOCH_DATETIME_NAIVE = datetime.datetime.utcfromtimestamp(0)

C:\ProgramData\anaconda3\Lib\site-packages\matplotlib\_fontconfig_pattern.py:64
  C:\ProgramData\anaconda3\Lib\site-packages\matplotlib\_fontconfig_pattern.py:64: DeprecationWarning: 'oneOf' deprecated - use 'one_of'
    prop = Group((name + Suppress("=") + comma_separated(value)) | oneOf(_CONSTANTS))

C:\ProgramData\anaconda3\Lib\site-packages\matplotlib\_fontconfig_pattern.py:85
C:\ProgramData\anaconda3\Lib\site-packages\matplotlib\_fontconfig_pattern.py:85
C:\ProgramData\anaconda3\Lib\site-packages\matplotlib\_fontconfig_pattern.py:85
C:\ProgramData\anaconda3\Lib\site-packages\matplotlib\_fontconfig_pattern.py:85
C:\ProgramData\anaconda3\Lib\site-packages\matplotlib\_fontconfig_pattern.py:85
C:\ProgramData\anaconda3\Lib\site-packages\matplotlib\_fontconfig_pattern.py:85
  C:\ProgramData\anaconda3\Lib\site-packages\matplotlib\_fontconfig_pattern.py:85: DeprecationWarning: 'parseString' deprecated - use 'parse_string'
    parse = parser.parseString(pattern)

C:\ProgramData\anaconda3\Lib\site-packages\matplotlib\_fontconfig_pattern.py:89
C:\ProgramData\anaconda3\Lib\site-packages\matplotlib\_fontconfig_pattern.py:89
C:\ProgramData\anaconda3\Lib\site-packages\matplotlib\_fontconfig_pattern.py:89
C:\ProgramData\anaconda3\Lib\site-packages\matplotlib\_fontconfig_pattern.py:89
C:\ProgramData\anaconda3\Lib\site-packages\matplotlib\_fontconfig_pattern.py:89
C:\ProgramData\anaconda3\Lib\site-packages\matplotlib\_fontconfig_pattern.py:89
  C:\ProgramData\anaconda3\Lib\site-packages\matplotlib\_fontconfig_pattern.py:89: DeprecationWarning: 'resetCache' deprecated - use 'reset_cache'
    parser.resetCache()

C:\ProgramData\anaconda3\Lib\site-packages\matplotlib\_mathtext.py:45
  C:\ProgramData\anaconda3\Lib\site-packages\matplotlib\_mathtext.py:45: DeprecationWarning: 'enablePackrat' deprecated - use 'enable_packrat'
    ParserElement.enablePackrat()

-- Docs: https://docs.pytest.org/en/stable/how-to/capture-warnings.html
=========================== short test summary info ===========================
ERROR tests/test_detector.py
!!!!!!!!!!!!!!!!!!! Interrupted: 1 error during collection !!!!!!!!!!!!!!!!!!!!
======================== 15 warnings, 1 error in 8.85s ========================
